// Jest Snapshot v1, https://goo.gl/fbAQLP

exports[`<PatientInfo /> should render patient informations 1`] = `
.c15 {
  display: -webkit-inline-box;
  display: -webkit-inline-flex;
  display: -ms-inline-flexbox;
  display: inline-flex;
  -webkit-align-items: center;
  -webkit-box-align: center;
  -ms-flex-align: center;
  align-items: center;
  -webkit-box-pack: center;
  -webkit-justify-content: center;
  -ms-flex-pack: center;
  justify-content: center;
  background: linear-gradient( 180deg,#B3181C 0%,#EF4549 50% );
  color: #EBFFFD;
  font-family: Poppins,-apple-system,BlinkMacSystemFont,'Segoe UI',Roboto,Oxygen,Ubuntu,Cantarell,'Open Sans','Helvetica Neue',sans-serif;
  border: 0;
  cursor: pointer;
  border-radius: 0.4rem;
  padding: 0.8rem;
  -webkit-text-decoration: none;
  text-decoration: none;
  height: 4rem;
  font-size: 1.4rem;
  padding: 0.8rem 3.2rem;
}

.c15:focus {
  outline: 1px dashed;
}

.c15:hover {
  background: linear-gradient(180deg,#B3281C 0%,#EF5549 50%);
}

.c15 svg {
  width: 1.5rem;
}

.c15 svg + span {
  margin-left: 0.8rem;
}

.c1 {
  color: #030517;
  position: relative;
  margin-bottom: 3.2rem;
  font-size: 2rem;
}

.c1::after {
  position: absolute;
  left: 0;
  bottom: -0.5rem;
  content: '';
  width: 30%;
  border-bottom: 0.5rem solid;
  border-image: linear-gradient( to left,#07BEB8,#ED3237 ) 1 0;
}

.c11 {
  display: -webkit-box;
  display: -webkit-flex;
  display: -ms-flexbox;
  display: flex;
  -webkit-align-items: center;
  -webkit-box-align: center;
  -ms-flex-align: center;
  align-items: center;
  background: #EAEAEA;
  border-radius: 0.2rem;
  padding: 0 1.6rem;
  border: 0.2rem solid;
  border-color: #EAEAEA;
}

.c11:focus-within {
  box-shadow: 0 0 0.5rem #ED3237;
}

.c13 {
  overflow: hidden;
  width: 100%;
  height: auto;
  resize: none;
  color: #030517;
  font-family: Poppins,-apple-system,BlinkMacSystemFont,'Segoe UI',Roboto,Oxygen,Ubuntu,Cantarell,'Open Sans','Helvetica Neue',sans-serif;
  font-size: 1.6rem;
  padding: 0.8rem 0;
  background: transparent;
  border: 0;
  outline: none;
}

.c13:-webkit-autofill {
  -webkit-box-shadow: 0 0 0 2.4rem #EAEAEA inset;
  -webkit-filter: none;
  filter: none;
}

.c10 {
  font-size: 1.4rem;
  color: #030517;
  cursor: pointer;
}

.c8 .c9,
.c8 .c12 {
  cursor: not-allowed;
  color: #8F8F8F;
}

.c8 .c9::-webkit-input-placeholder,
.c8 .c12::-webkit-input-placeholder {
  color: currentColor;
}

.c8 .c9::-moz-placeholder,
.c8 .c12::-moz-placeholder {
  color: currentColor;
}

.c8 .c9:-ms-input-placeholder,
.c8 .c12:-ms-input-placeholder {
  color: currentColor;
}

.c8 .c9::placeholder,
.c8 .c12::placeholder {
  color: currentColor;
}

.c5 {
  display: -webkit-box;
  display: -webkit-flex;
  display: -ms-flexbox;
  display: flex;
  -webkit-align-items: center;
  -webkit-box-align: center;
  -ms-flex-align: center;
  align-items: center;
  background: #EAEAEA;
  border-radius: 0.2rem;
  padding: 0 1.6rem;
  border: 0.2rem solid;
  border-color: #EAEAEA;
}

.c5:focus-within {
  box-shadow: 0 0 0.5rem #ED3237;
}

.c7 {
  color: #030517;
  font-family: Poppins,-apple-system,BlinkMacSystemFont,'Segoe UI',Roboto,Oxygen,Ubuntu,Cantarell,'Open Sans','Helvetica Neue',sans-serif;
  font-size: 1.6rem;
  padding: 0.8rem 0;
  padding-left: 1.6rem;
  background: transparent;
  border: 0;
  outline: none;
  width: 100%;
}

.c7:-webkit-autofill {
  -webkit-box-shadow: 0 0 0 2.4rem #EAEAEA inset;
  -webkit-filter: none;
  filter: none;
}

.c4 {
  font-size: 1.4rem;
  color: #030517;
  cursor: pointer;
}

.c2 .c3,
.c2 .c6,
.c2 .sc-jrsJWt {
  cursor: not-allowed;
  color: #8F8F8F;
}

.c2 .c3::-webkit-input-placeholder,
.c2 .c6::-webkit-input-placeholder,
.c2 .sc-jrsJWt::-webkit-input-placeholder {
  color: currentColor;
}

.c2 .c3::-moz-placeholder,
.c2 .c6::-moz-placeholder,
.c2 .sc-jrsJWt::-moz-placeholder {
  color: currentColor;
}

.c2 .c3:-ms-input-placeholder,
.c2 .c6:-ms-input-placeholder,
.c2 .sc-jrsJWt:-ms-input-placeholder {
  color: currentColor;
}

.c2 .c3::placeholder,
.c2 .c6::placeholder,
.c2 .sc-jrsJWt::placeholder {
  color: currentColor;
}

.c16 {
  display: inline-block;
  vertical-align: middle;
  overflow: hidden;
}

.c0 {
  position: relative;
  background: #EBFFFD;
  padding: 2.4rem;
}

.c0 .sc-crzoAE {
  right: -1rem;
}

.c0 .sc-crzoAE:before {
  border-right-width: 1rem;
}

.c14 {
  display: -webkit-box;
  display: -webkit-flex;
  display: -ms-flexbox;
  display: flex;
  -webkit-flex-direction: column;
  -ms-flex-direction: column;
  flex-direction: column;
  -webkit-align-items: center;
  -webkit-box-align: center;
  -ms-flex-align: center;
  align-items: center;
}

.c14 > button {
  width: 100%;
  margin-bottom: 0.8rem;
}

@media (min-width:768px) {
  .c1 {
    font-size: 2.8rem;
  }
}

@media (min-width:768px) {
  .c0 .sc-crzoAE {
    right: 2.4rem;
    top: 2.4rem;
    font-size: 1.8rem;
  }

  .c0 .sc-crzoAE:before {
    border: none;
  }
}

@media (min-width:768px) {
  .c14 {
    -webkit-flex-direction: row-reverse;
    -ms-flex-direction: row-reverse;
    flex-direction: row-reverse;
  }

  .c14 > button {
    width: initial;
    margin-bottom: 0;
  }
}

<div
  class="c0"
>
  <h2
    class="c1"
    color="black"
  >
    Patient Name
  </h2>
  <div
    class="c2"
    disabled=""
  >
    <label
      class="c3 c4"
      for="name"
    >
      Nome
    </label>
    <div
      class="c5"
    >
      <input
        class="c6 c7"
        disabled=""
        id="name"
        name="name"
        type="text"
        value="Patient Name"
      />
    </div>
  </div>
  <div
    class="c8"
    disabled=""
  >
    <label
      class="c9 c10"
      for="address"
    >
      Endereço
    </label>
    <div
      class="c11"
    >
      <textarea
        class="c12 c13"
        disabled=""
        id="address"
        name="address"
        role="textbox"
        style="height: 0px;"
      >
        Patient Address, 32
      </textarea>
    </div>
  </div>
  <div
    class="c2"
    disabled=""
  >
    <label
      class="c3 c4"
      for="phone"
    >
      Telefones
    </label>
    <div
      class="c5"
    >
      <input
        class="c6 c7"
        disabled=""
        id="phone"
        name="phone"
        type="text"
        value="19 98877 5566"
      />
    </div>
  </div>
  <div
    class="c2"
    disabled=""
  >
    <label
      class="c3 c4"
      for="cpf"
    >
      CPF
    </label>
    <div
      class="c5"
    >
      <input
        class="c6 c7"
        disabled=""
        id="cpf"
        name="cpf"
        type="text"
        value="234.456.123-89"
      />
    </div>
  </div>
  <div
    class="c2"
    disabled=""
  >
    <label
      class="c3 c4"
      for="rg"
    >
      RG
    </label>
    <div
      class="c5"
    >
      <input
        class="c6 c7"
        disabled=""
        id="rg"
        name="rg"
        type="text"
        value="54.234.456-4"
      />
    </div>
  </div>
  <div
    class="c2"
    disabled=""
  >
    <label
      class="c3 c4"
      for="birth_date"
    >
      Data de nascimento
    </label>
    <div
      class="c5"
    >
      <input
        class="c6 c7"
        disabled=""
        id="birth_date"
        name="birth_date"
        type="text"
        value="12/05/1998"
      />
    </div>
  </div>
  <div
    class=""
  >
    <img
      alt="Patient Name"
      height="151"
      layout="responsive"
      src="photo.jpg"
      width="113"
    />
  </div>
  <div
    class="c14"
  >
    <button
      class="c15"
    >
      <svg
        aria-hidden="true"
        class="c16"
        fill="currentColor"
        focusable="false"
        viewBox="0 0 24 24"
        xmlns="http://www.w3.org/2000/svg"
      >
        <path
          d="M0 0h24v24H0V0z"
          fill="none"
        />
        <path
          d="M14.06 9.02l.92.92L5.92 19H5v-.92l9.06-9.06M17.66 3c-.25 0-.51.1-.7.29l-1.83 1.83 3.75 3.75 1.83-1.83a.996.996 0 000-1.41l-2.34-2.34c-.2-.2-.45-.29-.71-.29zm-3.6 3.19L3 17.25V21h3.75L17.81 9.94l-3.75-3.75z"
        />
      </svg>
      <span>
        Editar
      </span>
    </button>
  </div>
</div>
`;
