// Jest Snapshot v1, https://goo.gl/fbAQLP

exports[`<PatientCard /> should render correctly 1`] = `
.c7 {
  display: -webkit-inline-box;
  display: -webkit-inline-flex;
  display: -ms-inline-flexbox;
  display: inline-flex;
  -webkit-align-items: center;
  -webkit-box-align: center;
  -ms-flex-align: center;
  align-items: center;
  -webkit-box-pack: center;
  -webkit-justify-content: center;
  -ms-flex-pack: center;
  justify-content: center;
  background: linear-gradient(180deg,#ff5f5f 0%,#f062c0 50%);
  color: #EBFFFD;
  font-family: Poppins,-apple-system,BlinkMacSystemFont,'Segoe UI',Roboto,Oxygen,Ubuntu,Cantarell,'Open Sans','Helvetica Neue',sans-serif;
  border: 0;
  cursor: pointer;
  border-radius: 0.4rem;
  padding: 0.8rem;
  -webkit-text-decoration: none;
  text-decoration: none;
  height: 3rem;
  font-size: 1.2rem;
}

.c7:focus {
  outline: 1px dashed;
}

.c7:hover {
  background: linear-gradient(180deg,#e35565 0%,#d958a6 50%);
}

.c7 svg {
  width: 1.5rem;
}

.c7 svg + span {
  margin-left: 0.8rem;
}

.c8 {
  display: inline-block;
  vertical-align: middle;
  overflow: hidden;
}

.c0 {
  position: relative;
  display: -webkit-box;
  display: -webkit-flex;
  display: -ms-flexbox;
  display: flex;
  -webkit-flex-direction: column;
  -ms-flex-direction: column;
  flex-direction: column;
  width: 100%;
  height: 100%;
  background-color: #EBFFFD;
}

.c1 {
  position: relative;
  min-height: 14rem;
  width: 100%;
  background: #f6f7f8;
  background-image: linear-gradient( to right,#f6f7f8 0%,#edeef1 20%,#f6f7f8 40%,#f6f7f8 100% );
  display: -webkit-box;
  display: -webkit-flex;
  display: -ms-flexbox;
  display: flex;
  -webkit-align-items: center;
  -webkit-box-align: center;
  -ms-flex-align: center;
  align-items: center;
  -webkit-flex-direction: column;
  -ms-flex-direction: column;
  flex-direction: column;
  background-size: 80rem 14rem;
  -webkit-animation: placeholderShimmer 1s linear infinite forwards;
  animation: placeholderShimmer 1s linear infinite forwards;
}

.c1 img {
  max-height: 14rem;
}

.c2 {
  display: -webkit-box;
  display: -webkit-flex;
  display: -ms-flexbox;
  display: flex;
  -webkit-flex-direction: column;
  -ms-flex-direction: column;
  flex-direction: column;
  -webkit-box-pack: justify;
  -webkit-justify-content: space-between;
  -ms-flex-pack: justify;
  justify-content: space-between;
  position: relative;
  height: 100%;
  margin: 1.6rem;
}

.c3 {
  max-width: calc(100% - 2.5rem);
  -webkit-text-decoration: none;
  text-decoration: none;
}

.c4 {
  font-size: 1.6rem;
  line-height: 1.6rem;
  font-weight: 600;
  color: #030517;
}

.c5 {
  font-size: 1.4rem;
  font-weight: 600;
  color: #8F8F8F;
}

.c6 {
  display: -webkit-box;
  display: -webkit-flex;
  display: -ms-flexbox;
  display: flex;
  -webkit-align-items: center;
  -webkit-box-align: center;
  -ms-flex-align: center;
  align-items: center;
  -webkit-box-pack: end;
  -webkit-justify-content: flex-end;
  -ms-flex-pack: end;
  justify-content: flex-end;
  margin-top: 0.8rem;
}

<article
  class="c0"
>
  <a
    class="c1"
    href="/patient/29032543890"
  >
    <img
      alt="Milton Carlos Katoo"
      layout="fill"
      src="https://source.unsplash.com/user/willianjusten/354x472"
    />
  </a>
  <div
    class="c2"
  >
    <a
      class="c3"
      href="/patient/29032543890"
    >
      <h3
        class="c4"
      >
        Milton Carlos Katoo
      </h3>
      <h4
        class="c5"
      >
        19-99906-5094
      </h4>
    </a>
    <div
      class="c6"
    >
      <button
        aria-label="Add to attending"
        class="c7"
      >
        <svg
          aria-hidden="true"
          class="c8"
          fill="currentColor"
          focusable="false"
          viewBox="0 0 24 24"
          xmlns="http://www.w3.org/2000/svg"
        >
          <path
            d="M5 22h14c1.103 0 2-.897 2-2V5c0-1.103-.897-2-2-2h-2a1 1 0 00-1-1H8a1 1 0 00-1 1H5c-1.103 0-2 .897-2 2v15c0 1.103.897 2 2 2zM5 5h2v2h10V5h2v15H5V5z"
          />
          <path
            d="M11 13.586l-1.793-1.793-1.414 1.414L11 16.414l5.207-5.207-1.414-1.414z"
          />
        </svg>
        <span>
          Add to attending
        </span>
      </button>
    </div>
  </div>
</article>
`;
